2026-09-14 08:28:20,357 - model_building - DEBUG - Data loaded from ./data/processed/train_tfidf.csv with shape (4152, 51)
2026-09-14 08:28:20,364 - model_building - DEBUG - Initializing RandomForest model with parameters: {'n_estimators': 25, 'random_state': 2}
2026-09-14 08:28:20,364 - model_building - DEBUG - Model training started with 4152 samples
2026-09-14 08:28:20,553 - model_building - DEBUG - Model training completed
2026-09-14 08:28:20,556 - model_building - DEBUG - Model saved to models/model.pkl
2026-09-16 23:38:58,101 - model_building - DEBUG - Data loaded from ./data/processed/train_tfidf.csv with shape (4152, 51)
2026-09-16 23:38:58,108 - model_building - DEBUG - Initializing RandomForest model with parameters: {'n_estimators': 25, 'random_state': 2}
2026-09-16 23:38:58,109 - model_building - DEBUG - Model training started with 4152 samples
2026-09-16 23:38:58,363 - model_building - DEBUG - Model training completed
2026-09-16 23:38:58,369 - model_building - DEBUG - Model saved to models/model.pkl
2026-09-16 23:40:44,714 - model_building - DEBUG - Data loaded from ./data/processed/train_tfidf.csv with shape (4152, 51)
2026-09-16 23:40:44,716 - model_building - DEBUG - Initializing RandomForest model with parameters: {'n_estimators': 25, 'random_state': 2}
2026-09-16 23:40:44,716 - model_building - DEBUG - Model training started with 4152 samples
2026-09-16 23:40:44,858 - model_building - DEBUG - Model training completed
2026-09-16 23:40:44,860 - model_building - DEBUG - Model saved to models/model.pkl
2026-09-17 12:37:06,907 - model_building - DEBUG - Parameters retrieved from params.yaml
2026-09-17 12:37:06,950 - model_building - DEBUG - Data loaded from ./data/processed/train_tfidf.csv with shape (4152, 36)
2026-09-17 12:37:06,956 - model_building - DEBUG - Initializing RandomForest model with parameters: {'n_estimators': 22, 'random_state': 2}
2026-09-17 12:37:06,959 - model_building - DEBUG - Model training started with 4152 samples
2026-09-17 12:37:07,261 - model_building - DEBUG - Model training completed
2026-09-17 12:37:07,267 - model_building - DEBUG - Model saved to models/model.pkl
2026-09-17 12:40:41,262 - model_building - DEBUG - Parameters retrieved from params.yaml
2026-09-17 12:40:41,281 - model_building - DEBUG - Data loaded from ./data/processed/train_tfidf.csv with shape (4413, 46)
2026-09-17 12:40:41,283 - model_building - DEBUG - Initializing RandomForest model with parameters: {'n_estimators': 20, 'random_state': 2}
2026-09-17 12:40:41,283 - model_building - DEBUG - Model training started with 4413 samples
2026-09-17 12:40:41,412 - model_building - DEBUG - Model training completed
2026-09-17 12:40:41,414 - model_building - DEBUG - Model saved to models/model.pkl
2026-09-17 13:17:12,411 - model_building - DEBUG - Parameters retrieved from params.yaml
2026-09-17 13:17:12,432 - model_building - DEBUG - Data loaded from ./data/processed/train_tfidf.csv with shape (4670, 36)
2026-09-17 13:17:12,434 - model_building - DEBUG - Initializing RandomForest model with parameters: {'n_estimators': 20, 'random_state': 2}
2026-09-17 13:17:12,434 - model_building - DEBUG - Model training started with 4670 samples
2026-09-17 13:17:12,557 - model_building - DEBUG - Model training completed
2026-09-17 13:17:12,560 - model_building - DEBUG - Model saved to models/model.pkl
2026-09-17 13:18:25,981 - model_building - DEBUG - Parameters retrieved from params.yaml
2026-09-17 13:18:26,007 - model_building - DEBUG - Data loaded from ./data/processed/train_tfidf.csv with shape (4152, 46)
2026-09-17 13:18:26,009 - model_building - DEBUG - Initializing RandomForest model with parameters: {'n_estimators': 22, 'random_state': 2}
2026-09-17 13:18:26,009 - model_building - DEBUG - Model training started with 4152 samples
2026-09-17 13:18:26,159 - model_building - DEBUG - Model training completed
2026-09-17 13:18:26,161 - model_building - DEBUG - Model saved to models/model.pkl
2026-09-17 14:53:19,346 - model_building - DEBUG - Parameters retrieved from params.yaml
2026-09-17 14:53:19,366 - model_building - DEBUG - Data loaded from ./data/processed/train_tfidf.csv with shape (3654, 51)
2026-09-17 14:53:19,373 - model_building - DEBUG - Initializing RandomForest model with parameters: {'n_estimators': 25, 'random_state': 2}
2026-09-17 14:53:19,373 - model_building - DEBUG - Model training started with 3654 samples
2026-09-17 14:53:19,560 - model_building - DEBUG - Model training completed
2026-09-17 14:53:19,564 - model_building - DEBUG - Model saved to models/model.pkl
2026-09-17 15:04:10,421 - model_building - DEBUG - Parameters retrieved from params.yaml
2026-09-17 15:04:10,483 - model_building - DEBUG - Data loaded from ./data/processed/train_tfidf.csv with shape (3907, 41)
2026-09-17 15:04:10,493 - model_building - DEBUG - Initializing RandomForest model with parameters: {'n_estimators': 20, 'random_state': 2}
2026-09-17 15:04:10,494 - model_building - DEBUG - Model training started with 3907 samples
2026-09-17 15:04:10,798 - model_building - DEBUG - Model training completed
2026-09-17 15:04:10,808 - model_building - DEBUG - Model saved to models/model.pkl
